// Jest Snapshot v1, https://goo.gl/fbAQLP

exports[`Root page should match the snapshot 1`] = `
<div>
  <div
    class="contents"
  >
    <div
      class="relative isolate flex min-h-screen flex-col overflow-hidden bg-black variable variable"
    >
      <header
        class="relative z-10 mx-auto mt-4 flex w-[calc(100%-2rem)] max-w-6xl items-center justify-between rounded-full border border-border bg-card px-5 py-3 backdrop-blur-xl"
      >
        <a
          class="flex items-center gap-2 text-base font-bold tracking-tight"
          href="/"
        >
          <img
            alt=""
            aria-hidden="true"
            class="h-7 w-7 shrink-0 select-none"
            draggable="false"
            height="28"
            src="/icon.svg"
            width="28"
          />
          Money
          <span
            class="text-accent"
          >
            App
          </span>
        </a>
        <nav
          class="hidden items-center gap-6 text-sm text-muted md:flex"
        >
          <a
            class="transition hover:text-foreground"
            href="#features"
          >
            Features
          </a>
          <a
            class="transition hover:text-foreground"
            href="#how-it-works"
          >
            How it works
          </a>
        </nav>
        <div
          class="flex items-center gap-2"
        >
          <button
            aria-label="Sound"
            aria-pressed="true"
            class="inline-flex h-9 items-center gap-1.5 rounded-full border border-border px-2.5 text-[13px] font-medium tracking-[-0.02em] text-muted transition hover:border-border-strong hover:text-foreground focus-visible:outline-none focus-visible:ring-2 focus-visible:ring-accent/40 active:scale-[0.98] sm:px-3"
            title="Sound on"
            type="button"
          >
            <svg
              aria-hidden="true"
              class="lucide lucide-volume2 lucide-volume-2 h-4 w-4 text-accent"
              fill="none"
              height="24"
              stroke="currentColor"
              stroke-linecap="round"
              stroke-linejoin="round"
              stroke-width="2"
              viewBox="0 0 24 24"
              width="24"
              xmlns="http://www.w3.org/2000/svg"
            >
              <path
                d="M11 4.702a.705.705 0 0 0-1.203-.498L6.413 7.587A1.4 1.4 0 0 1 5.416 8H3a1 1 0 0 0-1 1v6a1 1 0 0 0 1 1h2.416a1.4 1.4 0 0 1 .997.413l3.383 3.384A.705.705 0 0 0 11 19.298z"
              />
              <path
                d="M16 9a5 5 0 0 1 0 6"
              />
              <path
                d="M19.364 18.364a9 9 0 0 0 0-12.728"
              />
            </svg>
            <span
              class="hidden sm:inline"
            >
              Sound
            </span>
          </button>
          <a
            class="inline-flex items-center justify-center gap-2 whitespace-nowrap rounded-full font-semibold tracking-tight transition-all focus-visible:outline-none focus-visible:ring-2 focus-visible:ring-accent/40 focus-visible:ring-offset-2 focus-visible:ring-offset-background disabled:pointer-events-none disabled:opacity-50 active:scale-[0.98] [&_svg]:pointer-events-none [&_svg]:size-4 [&_svg]:shrink-0 text-muted hover:bg-[var(--color-card)] hover:text-foreground hover:backdrop-blur-xl h-9 px-4 text-sm hidden sm:inline-flex"
            href="/login"
          >
            Sign In
          </a>
          <a
            class="inline-flex items-center justify-center gap-2 whitespace-nowrap rounded-full font-semibold tracking-tight transition-all focus-visible:outline-none focus-visible:ring-2 focus-visible:ring-accent/40 focus-visible:ring-offset-2 focus-visible:ring-offset-background disabled:pointer-events-none disabled:opacity-50 active:scale-[0.98] [&_svg]:pointer-events-none [&_svg]:size-4 [&_svg]:shrink-0 bg-accent text-background shadow-glow hover:shadow-lift h-9 px-4 text-sm"
            href="/login"
          >
            Get Started
          </a>
        </div>
      </header>
      <main
        class="relative z-10 w-full"
      >
        <section
          class="relative [clip-path:inset(0)]"
        >
          <div
            class="relative z-10 mx-auto grid w-full max-w-6xl items-center gap-12 px-4 pb-24 pt-12 sm:px-6 sm:pt-16 lg:grid-cols-2 lg:gap-6 lg:pb-32 lg:pt-20"
          >
            <div
              class="lg:order-2"
            >
              <h1
                class="font-[family-name:var(--font-display)] text-[clamp(2.75rem,6vw,5rem)] font-extrabold leading-[0.95] tracking-[-0.04em]"
              >
                <span
                  class="block"
                >
                  Split it. 
                </span>
                <span
                  class="block"
                >
                  Settle it. 
                </span>
                <span
                  class="block"
                >
                  Stay friends.
                </span>
              </h1>
              <p
                class="mt-6 max-w-md text-base text-muted sm:text-lg"
              >
                Shared expenses for friends — add, split, and settle with proof.
              </p>
              <div
                class="mt-8 flex flex-wrap items-center gap-x-5 gap-y-3"
              >
                <a
                  class="inline-flex items-center justify-center gap-2 whitespace-nowrap rounded-full font-semibold tracking-tight transition-all focus-visible:outline-none focus-visible:ring-2 focus-visible:ring-accent/40 focus-visible:ring-offset-2 focus-visible:ring-offset-background disabled:pointer-events-none disabled:opacity-50 active:scale-[0.98] [&_svg]:pointer-events-none [&_svg]:size-4 [&_svg]:shrink-0 bg-accent text-background shadow-glow hover:shadow-lift h-12 px-6 text-base"
                  href="/login"
                >
                  Get Started
                </a>
                <span
                  class="font-mono text-[12px] uppercase tracking-[0.14em] text-muted"
                >
                  Free · Web + iOS
                </span>
              </div>
            </div>
            <div
              class="relative lg:order-1"
            >
              <div
                aria-hidden="true"
                class="pointer-events-none absolute overflow-hidden -inset-10 sm:-inset-16"
              >
                <div
                  class="absolute inset-0"
                  style="background-size: 32px 32px; mask-image: radial-gradient(ellipse at center, black 30%, transparent 75%);"
                />
                <svg
                  class="absolute inset-0 h-full w-full"
                  fill="none"
                  preserveAspectRatio="none"
                  viewBox="0 0 600 400"
                >
                  <path
                    d="M0 120 H180 L210 150 H330"
                    stroke="#00ff41"
                    stroke-linecap="round"
                    stroke-opacity="0.55"
                    stroke-width="1.5"
                    style="filter: drop-shadow(0 0 4px rgb(0 255 65 / 0.6));"
                    vector-effect="non-scaling-stroke"
                  />
                  <path
                    d="M600 90 H470 L440 120 H380"
                    stroke="#00ff41"
                    stroke-linecap="round"
                    stroke-opacity="0.55"
                    stroke-width="1.5"
                    style="filter: drop-shadow(0 0 4px rgb(0 255 65 / 0.6));"
                    vector-effect="non-scaling-stroke"
                  />
                  <path
                    d="M60 400 V320 L90 290 H200"
                    stroke="#00ff41"
                    stroke-linecap="round"
                    stroke-opacity="0.55"
                    stroke-width="1.5"
                    style="filter: drop-shadow(0 0 4px rgb(0 255 65 / 0.6));"
                    vector-effect="non-scaling-stroke"
                  />
                  <path
                    d="M600 330 H500 L470 300 V240"
                    stroke="#00ff41"
                    stroke-linecap="round"
                    stroke-opacity="0.55"
                    stroke-width="1.5"
                    style="filter: drop-shadow(0 0 4px rgb(0 255 65 / 0.6));"
                    vector-effect="non-scaling-stroke"
                  />
                </svg>
              </div>
              <div
                class="relative mx-auto mb-28 h-[219px] w-[338px] sm:mb-16 sm:h-[350px] sm:w-[540px] lg:mx-0 lg:-ml-[56px] lg:h-[364px] lg:w-[562px] xl:-ml-[min(calc((100vw-72rem)/2+1.5rem+40px),260px)] xl:h-[420px] xl:w-[648px]"
              >
                <div
                  class="relative w-[720px] origin-top-left scale-[0.47] sm:scale-75 lg:scale-[0.78] xl:scale-90"
                >
                  <div
                    class="relative h-[450px] rounded-[22px] border border-white/10 bg-[#141414] p-[10px] shadow-[0_40px_80px_-30px_rgb(0_0_0/0.9)]"
                  >
                    <span
                      aria-hidden="true"
                      class="absolute left-1/2 top-[4px] h-[3px] w-[3px] -translate-x-1/2 rounded-full bg-white/25"
                    />
                    <div
                      class="flex h-full flex-col overflow-hidden rounded-[14px] bg-[#050505] text-foreground"
                    >
                      <div
                        class="flex h-9 shrink-0 items-center justify-between border-b border-border px-4"
                      >
                        <span
                          class="flex items-center gap-1.5 text-[11px] font-semibold"
                        >
                          <span
                            class="h-2 w-2 rounded-full bg-accent shadow-[0_0_8px_#00ff41]"
                          />
                          Money
                          <span
                            class="-ml-1.5 text-accent"
                          >
                            App
                          </span>
                        </span>
                        <span
                          class="text-[12px] font-semibold tracking-[-0.02em]"
                        >
                          Barkada · BGC
                        </span>
                        <span
                          aria-hidden="true"
                          class="flex -space-x-1.5"
                        >
                          <span
                            class="flex h-5 w-5 items-center justify-center rounded-full border border-[#050505] bg-[#1c1c1c] text-[9px] font-semibold text-muted"
                          >
                            S
                          </span>
                          <span
                            class="flex h-5 w-5 items-center justify-center rounded-full border border-[#050505] bg-[#1c1c1c] text-[9px] font-semibold text-muted"
                          >
                            J
                          </span>
                          <span
                            class="flex h-5 w-5 items-center justify-center rounded-full border border-[#050505] bg-[#1c1c1c] text-[9px] font-semibold text-muted"
                          >
                            M
                          </span>
                          <span
                            class="flex h-5 w-5 items-center justify-center rounded-full border border-[#050505] bg-[#1c1c1c] text-[9px] font-semibold text-muted"
                          >
                            M
                          </span>
                        </span>
                      </div>
                      <div
                        class="flex min-h-0 flex-1 gap-3 p-3"
                      >
                        <div
                          aria-hidden="true"
                          class="-my-3 -ml-3 flex w-10 shrink-0 flex-col items-center gap-2.5 border-r border-border py-3"
                        >
                          <span
                            class="h-5 w-5 rounded-md border border-accent/40 bg-accent/15"
                          />
                          <span
                            class="h-5 w-5 rounded-md bg-white/[0.06]"
                          />
                          <span
                            class="h-5 w-5 rounded-md bg-white/[0.06]"
                          />
                          <span
                            class="h-5 w-5 rounded-md bg-white/[0.06]"
                          />
                        </div>
                        <section
                          aria-label="Group ledger"
                          class="flex w-[250px] shrink-0 flex-col"
                        >
                          <div
                            class="flex items-baseline justify-between px-1 pb-2"
                          >
                            <h3
                              class="text-[12px] font-semibold"
                            >
                              Expenses
                            </h3>
                            <span
                              class="font-mono text-[10px] tabular-nums text-muted"
                            >
                              ₱1,830.00
                            </span>
                          </div>
                          <ul
                            class="flex h-[300px] flex-col gap-1.5 overflow-hidden"
                          >
                            <li
                              class="flex h-[54px] shrink-0 items-center justify-between gap-3 rounded-xl border border-border bg-[#0a0a0a] px-3"
                              style="opacity: 1; transform: none;"
                            >
                              <span
                                class="min-w-0"
                              >
                                <span
                                  class="flex items-center gap-1.5 text-[12px] font-medium"
                                >
                                  <span
                                    class="truncate"
                                  >
                                    Pizza night
                                  </span>
                                </span>
                                <span
                                  class="block font-mono text-[10px] text-muted"
                                >
                                  Paid by 
                                  You
                                </span>
                              </span>
                              <span
                                class="font-mono text-[12px] tabular-nums"
                              >
                                ₱1,200.00
                              </span>
                            </li>
                            <li
                              class="flex h-[54px] shrink-0 items-center justify-between gap-3 rounded-xl border border-border bg-[#0a0a0a] px-3"
                              style="opacity: 1; transform: none;"
                            >
                              <span
                                class="min-w-0"
                              >
                                <span
                                  class="flex items-center gap-1.5 text-[12px] font-medium"
                                >
                                  <span
                                    class="truncate"
                                  >
                                    Grab home
                                  </span>
                                </span>
                                <span
                                  class="block font-mono text-[10px] text-muted"
                                >
                                  Paid by 
                                  Mika
                                </span>
                              </span>
                              <span
                                class="font-mono text-[12px] tabular-nums"
                              >
                                ₱240.00
                              </span>
                            </li>
                            <li
                              class="flex h-[54px] shrink-0 items-center justify-between gap-3 rounded-xl border border-border bg-[#0a0a0a] px-3"
                              style="opacity: 1; transform: none;"
                            >
                              <span
                                class="min-w-0"
                              >
                                <span
                                  class="flex items-center gap-1.5 text-[12px] font-medium"
                                >
                                  <span
                                    class="truncate"
                                  >
                                    Milk tea run
                                  </span>
                                </span>
                                <span
                                  class="block font-mono text-[10px] text-muted"
                                >
                                  Paid by 
                                  James
                                </span>
                              </span>
                              <span
                                class="font-mono text-[12px] tabular-nums"
                              >
                                ₱390.00
                              </span>
                            </li>
                          </ul>
                        </section>
                        <section
                          aria-label="Add Expense"
                          class="relative flex min-w-0 flex-1 flex-col gap-2 overflow-hidden rounded-2xl border border-border bg-[#0a0a0a] p-3.5"
                        >
                          <h3
                            class="text-[13px] font-semibold"
                          >
                            Add Expense
                          </h3>
                          <div
                            class="grid grid-cols-[minmax(0,1fr)_112px] gap-2"
                          >
                            <div
                              class="min-w-0"
                            >
                              <p
                                class="mb-1 text-[10px] font-medium text-muted"
                              >
                                Expense Name *
                              </p>
                              <div
                                class="flex h-7 items-center truncate rounded-lg border border-border bg-black px-2.5 text-[12px]"
                              >
                                Pizza night
                              </div>
                            </div>
                            <div
                              class="min-w-0"
                            >
                              <p
                                class="mb-1 text-[10px] font-medium text-muted"
                              >
                                Amount (₱) *
                              </p>
                              <div
                                class="flex h-7 items-center truncate rounded-lg border border-border bg-black px-2.5 text-[12px] font-mono tabular-nums"
                              >
                                1200.00
                              </div>
                            </div>
                          </div>
                          <div>
                            <p
                              class="mb-1.5 flex items-center gap-1.5 text-[10px] font-medium text-muted"
                            >
                              <svg
                                aria-hidden="true"
                                class="lucide lucide-user-plus h-3 w-3"
                                fill="none"
                                height="24"
                                stroke="currentColor"
                                stroke-linecap="round"
                                stroke-linejoin="round"
                                stroke-width="2"
                                viewBox="0 0 24 24"
                                width="24"
                                xmlns="http://www.w3.org/2000/svg"
                              >
                                <path
                                  d="M16 21v-2a4 4 0 0 0-4-4H6a4 4 0 0 0-4 4v2"
                                />
                                <circle
                                  cx="9"
                                  cy="7"
                                  r="4"
                                />
                                <line
                                  x1="19"
                                  x2="19"
                                  y1="8"
                                  y2="14"
                                />
                                <line
                                  x1="22"
                                  x2="16"
                                  y1="11"
                                  y2="11"
                                />
                              </svg>
                               Split with Members
                            </p>
                            <div
                              aria-label="Split with Members"
                              class="flex flex-wrap gap-1.5"
                              role="group"
                            >
                              <button
                                aria-pressed="true"
                                class="h-7 rounded-full border px-2.5 text-[11px] font-medium transition-colors focus-visible:outline-none focus-visible:ring-2 focus-visible:ring-accent/60 border-accent bg-accent text-black"
                                tabindex="0"
                                type="button"
                              >
                                Sam
                                 (You)
                              </button>
                              <button
                                aria-pressed="true"
                                class="h-7 rounded-full border px-2.5 text-[11px] font-medium transition-colors focus-visible:outline-none focus-visible:ring-2 focus-visible:ring-accent/60 border-accent bg-accent text-black"
                                tabindex="0"
                                type="button"
                              >
                                James
                              </button>
                              <button
                                aria-pressed="true"
                                class="h-7 rounded-full border px-2.5 text-[11px] font-medium transition-colors focus-visible:outline-none focus-visible:ring-2 focus-visible:ring-accent/60 border-accent bg-accent text-black"
                                tabindex="0"
                                type="button"
                              >
                                Mika
                              </button>
                              <button
                                aria-pressed="true"
                                class="h-7 rounded-full border px-2.5 text-[11px] font-medium transition-colors focus-visible:outline-none focus-visible:ring-2 focus-visible:ring-accent/60 border-accent bg-accent text-black"
                                tabindex="0"
                                type="button"
                              >
                                Mara
                              </button>
                            </div>
                          </div>
                          <div>
                            <p
                              class="mb-1.5 text-[10px] font-medium text-muted"
                            >
                              Split Type
                            </p>
                            <div
                              aria-label="Split Type"
                              class="grid grid-cols-2 rounded-full border border-border p-0.5"
                              role="group"
                            >
                              <button
                                aria-pressed="true"
                                class="relative h-6 rounded-full text-[11px] font-medium focus-visible:outline-none focus-visible:ring-2 focus-visible:ring-accent/60"
                                type="button"
                              >
                                <span
                                  class="absolute inset-0 rounded-full border border-white/10 bg-white/10"
                                  style="opacity: 1;"
                                />
                                <span
                                  class="relative text-foreground"
                                >
                                  Divide Equally
                                </span>
                              </button>
                              <button
                                aria-pressed="false"
                                class="relative h-6 rounded-full text-[11px] font-medium focus-visible:outline-none focus-visible:ring-2 focus-visible:ring-accent/60"
                                type="button"
                              >
                                <span
                                  class="relative text-muted"
                                >
                                  Custom Amounts
                                </span>
                              </button>
                            </div>
                          </div>
                          <div
                            class="min-h-0"
                          >
                            <p
                              class="mb-1.5 text-[10px] font-medium text-muted"
                            >
                              Split Preview
                            </p>
                            <ul
                              class="space-y-1"
                            >
                              <li
                                class="flex h-[26px] items-center justify-between rounded-lg border border-border px-2.5 text-[11px]"
                              >
                                <span
                                  class="flex items-center gap-1.5 font-medium text-accent"
                                >
                                  Sam
                                  <span
                                    class="rounded-full border px-1.5 py-px font-mono text-[8px] uppercase tracking-[0.08em] border-accent text-accent"
                                  >
                                    Paid
                                  </span>
                                </span>
                                <span
                                  class="font-mono tabular-nums text-accent"
                                >
                                  ₱300.00
                                </span>
                              </li>
                              <li
                                class="flex h-[26px] items-center justify-between rounded-lg border border-border px-2.5 text-[11px]"
                              >
                                <span
                                  class="flex items-center gap-1.5"
                                >
                                  James
                                </span>
                                <span
                                  class="font-mono tabular-nums text-accent"
                                >
                                  ₱300.00
                                </span>
                              </li>
                              <li
                                class="flex h-[26px] items-center justify-between rounded-lg border border-border px-2.5 text-[11px]"
                              >
                                <span
                                  class="flex items-center gap-1.5"
                                >
                                  Mika
                                </span>
                                <span
                                  class="font-mono tabular-nums text-accent"
                                >
                                  ₱300.00
                                </span>
                              </li>
                              <li
                                class="flex h-[26px] items-center justify-between rounded-lg border border-border px-2.5 text-[11px]"
                              >
                                <span
                                  class="flex items-center gap-1.5"
                                >
                                  Mara
                                </span>
                                <span
                                  class="font-mono tabular-nums text-accent"
                                >
                                  ₱300.00
                                </span>
                              </li>
                            </ul>
                          </div>
                          <div
                            class="pointer-events-none w-max select-none gap-1 text-accent/70 flex-col-reverse items-start absolute right-3 top-[100px] hidden sm:flex [&>span]:text-xl"
                          >
                            <span
                              class="font-[family-name:var(--font-hand)] text-2xl font-semibold leading-none"
                            >
                              pick who's in
                            </span>
                            <svg
                              aria-hidden="true"
                              class="h-10 w-10 -scale-x-100 -scale-y-100"
                              fill="none"
                              stroke="currentColor"
                              stroke-linecap="round"
                              stroke-linejoin="round"
                              stroke-width="2"
                              viewBox="0 0 48 48"
                            >
                              <path
                                d="M8 6 C 10 18, 20 32, 40 38"
                                pathLength="1"
                                stroke-dasharray="0 1"
                                stroke-dashoffset="0"
                                style="opacity: 0;"
                              />
                              <path
                                d="M29 40 L40 38 L35 28"
                                pathLength="1"
                                stroke-dasharray="0 1"
                                stroke-dashoffset="0"
                                style="opacity: 0;"
                              />
                            </svg>
                          </div>
                        </section>
                      </div>
                    </div>
                  </div>
                  <div
                    aria-hidden="true"
                    class="relative -mx-6 h-4 rounded-b-2xl bg-gradient-to-b from-[#2b2b2b] to-[#0f0f0f]"
                  >
                    <span
                      class="absolute left-1/2 top-0 h-1.5 w-24 -translate-x-1/2 rounded-b-md bg-black/60"
                    />
                  </div>
                </div>
                <div
                  aria-hidden="true"
                  class="pointer-events-none flex h-[190px] w-[240px] flex-col items-end justify-end gap-2 absolute bottom-[52px] right-0 z-20 sm:bottom-[64px] sm:right-4"
                />
                <div
                  class="flex items-end gap-1 absolute right-2 top-full z-20 -mt-3 sm:right-8 sm:-mt-10"
                >
                  <div
                    class="pointer-events-none w-max select-none gap-1 text-accent/70 flex-col items-end mb-2 hidden sm:flex"
                  >
                    <span
                      class="font-[family-name:var(--font-hand)] text-2xl font-semibold leading-none"
                    >
                      hey! tap to add
                    </span>
                    <svg
                      aria-hidden="true"
                      class="h-10 w-10"
                      fill="none"
                      stroke="currentColor"
                      stroke-linecap="round"
                      stroke-linejoin="round"
                      stroke-width="2"
                      viewBox="0 0 48 48"
                    >
                      <path
                        d="M8 6 C 10 18, 20 32, 40 38"
                        pathLength="1"
                        stroke-dasharray="0 1"
                        stroke-dashoffset="0"
                        style="opacity: 0;"
                      />
                      <path
                        d="M29 40 L40 38 L35 28"
                        pathLength="1"
                        stroke-dasharray="0 1"
                        stroke-dashoffset="0"
                        style="opacity: 0;"
                      />
                    </svg>
                  </div>
                  <button
                    aria-label="Add a demo expense"
                    class="group relative h-[92px] w-[88px] shrink-0 touch-manipulation rounded-[24px] outline-none focus-visible:ring-2 focus-visible:ring-accent focus-visible:ring-offset-4 focus-visible:ring-offset-black"
                    data-pressed="false"
                    type="button"
                  >
                    <span
                      aria-hidden="true"
                      class="absolute inset-x-0 bottom-0 h-[80px] rounded-[24px] bg-[#0a5a1e] shadow-[0_18px_30px_-12px_rgb(0_255_65/0.45)] transition-shadow duration-100 group-active:shadow-[0_8px_16px_-10px_rgb(0_255_65/0.5)] group-data-[pressed=true]:shadow-[0_8px_16px_-10px_rgb(0_255_65/0.5)]"
                    />
                    <span
                      aria-hidden="true"
                      class="absolute inset-x-0 top-0 flex h-[80px] items-center justify-center rounded-[24px] border border-white/30 bg-[linear-gradient(160deg,#7dff9a_0%,#00ff41_45%,#00c932_100%)] shadow-[inset_0_2px_0_rgb(255_255_255/0.55),inset_0_-6px_12px_rgb(0_80_20/0.35)] transition-transform duration-100 ease-out group-active:translate-y-[10px] group-data-[pressed=true]:translate-y-[10px]"
                    >
                      <span
                        class="font-[family-name:var(--font-display)] text-[44px] font-extrabold leading-none text-black/85"
                      >
                        ₱
                      </span>
                    </span>
                  </button>
                </div>
                <p
                  aria-live="polite"
                  class="sr-only"
                />
              </div>
            </div>
          </div>
        </section>
        <div
          class="mx-auto w-full max-w-6xl px-4 sm:px-6"
        >
          <section
            class="mt-24"
          >
            <div
              class="mx-auto max-w-3xl rounded-4xl border border-border bg-card p-8 text-center backdrop-blur-xl sm:p-12"
            >
              <p
                class="text-xs font-semibold uppercase tracking-[0.25em] text-accent"
              >
                The Problem
              </p>
              <h2
                class="mt-3 text-2xl font-bold tracking-tight sm:text-3xl"
              >
                You shouldn't need a spreadsheet to split a pizza.
              </h2>
              <p
                class="mt-4 text-base leading-relaxed text-muted"
              >
                Group expenses are a quiet kind of friction. Someone fronts the bill, others promise to pay later, and a week later nobody quite remembers who owed what. Money App keeps the math automatic and the receipts honest — so the friend chat stays a friend chat.
              </p>
            </div>
          </section>
          <section
            class="mt-24"
            id="features"
          >
            <div
              class="mx-auto max-w-3xl text-center"
            >
              <p
                class="text-xs font-semibold uppercase tracking-[0.25em] text-accent"
              >
                Features
              </p>
              <h2
                class="mt-3 text-3xl font-bold tracking-tight sm:text-4xl"
              >
                Built tracking not just expenses, but the whole shared money experience.
              </h2>
            </div>
            <div
              class="mt-12 grid gap-5 sm:grid-cols-2 lg:grid-cols-3"
            >
              <article
                class="glass-card hover-lift p-6 hover:border-border-strong"
              >
                <h3
                  class="mt-4 text-lg font-semibold tracking-tight"
                >
                  Build for daily use
                </h3>
                <p
                  class="mt-2 text-sm leading-relaxed text-muted"
                >
                  From morning coffee to monthly rent, track shared expenses as they happen — not a week later when nobody remembers.
                </p>
              </article>
              <article
                class="glass-card hover-lift p-6 hover:border-border-strong"
              >
                <h3
                  class="mt-4 text-lg font-semibold tracking-tight"
                >
                  Quick Add expenses
                </h3>
                <p
                  class="mt-2 text-sm leading-relaxed text-muted"
                >
                  Just press B from anywhere in the app. Add an expense in a single sentence!
                </p>
              </article>
              <article
                class="glass-card hover-lift p-6 hover:border-border-strong"
              >
                <h3
                  class="mt-4 text-lg font-semibold tracking-tight"
                >
                  Groups that make sense
                </h3>
                <p
                  class="mt-2 text-sm leading-relaxed text-muted"
                >
                  Friends, trips, lunch — every shared cost lives in the right place, with the right people.
                </p>
              </article>
              <article
                class="glass-card hover-lift p-6 hover:border-border-strong"
              >
                <h3
                  class="mt-4 text-lg font-semibold tracking-tight"
                >
                  Fair splits, every time
                </h3>
                <p
                  class="mt-2 text-sm leading-relaxed text-muted"
                >
                  Equal, percentage, or custom shares — math is calculated to the cent so nobody silently overpays.
                </p>
              </article>
              <article
                class="glass-card hover-lift p-6 hover:border-border-strong"
              >
                <h3
                  class="mt-4 text-lg font-semibold tracking-tight"
                >
                  Settle up in one tap
                </h3>
                <p
                  class="mt-2 text-sm leading-relaxed text-muted"
                >
                  Net balances per friend or per group. Mark a transfer as paid and the books reconcile instantly.
                </p>
              </article>
              <article
                class="glass-card hover-lift p-6 hover:border-border-strong"
              >
                <h3
                  class="mt-4 text-lg font-semibold tracking-tight"
                >
                  Gentle confirmations
                </h3>
                <p
                  class="mt-2 text-sm leading-relaxed text-muted"
                >
                  Payments wait on confirmation from both sides. Nothing gets missed and no awkward follow-up messages.
                </p>
              </article>
            </div>
          </section>
          <section
            class="mt-24"
            id="how-it-works"
          >
            <div
              class="mx-auto max-w-3xl"
            >
              <div
                class="text-center"
              >
                <p
                  class="text-xs font-semibold uppercase tracking-[0.25em] text-accent"
                >
                  How it works
                </p>
                <h2
                  class="mt-3 text-3xl font-bold tracking-tight sm:text-4xl"
                >
                  Four steps. No tutorial required.
                </h2>
              </div>
              <ol
                class="mt-10 space-y-5"
              >
                <li
                  class="glass-card flex items-start gap-5 p-5 sm:p-6"
                >
                  <span
                    class="flex h-11 w-11 shrink-0 items-center justify-center rounded-2xl bg-accent text-lg font-bold text-background shadow-glow"
                  >
                    1
                  </span>
                  <div
                    class="min-w-0"
                  >
                    <h3
                      class="text-base font-semibold tracking-tight"
                    >
                      Sign in with Google
                    </h3>
                    <p
                      class="mt-1 text-sm leading-relaxed text-muted"
                    >
                      One tap. No password to forget, no email to verify.
                    </p>
                  </div>
                </li>
                <li
                  class="glass-card flex items-start gap-5 p-5 sm:p-6"
                >
                  <span
                    class="flex h-11 w-11 shrink-0 items-center justify-center rounded-2xl bg-accent text-lg font-bold text-background shadow-glow"
                  >
                    2
                  </span>
                  <div
                    class="min-w-0"
                  >
                    <h3
                      class="text-base font-semibold tracking-tight"
                    >
                      Log expenses as they happen
                    </h3>
                    <p
                      class="mt-1 text-sm leading-relaxed text-muted"
                    >
                      Quick-capture an expense from anywhere with the keyboard shortcut, or open a group and add it inline.
                    </p>
                  </div>
                </li>
                <li
                  class="glass-card flex items-start gap-5 p-5 sm:p-6"
                >
                  <span
                    class="flex h-11 w-11 shrink-0 items-center justify-center rounded-2xl bg-accent text-lg font-bold text-background shadow-glow"
                  >
                    3
                  </span>
                  <div
                    class="min-w-0"
                  >
                    <h3
                      class="text-base font-semibold tracking-tight"
                    >
                      Add the people you share with
                    </h3>
                    <p
                      class="mt-1 text-sm leading-relaxed text-muted"
                    >
                      Invite friends by email or share a link. They join with one click.
                    </p>
                  </div>
                </li>
                <li
                  class="glass-card flex items-start gap-5 p-5 sm:p-6"
                >
                  <span
                    class="flex h-11 w-11 shrink-0 items-center justify-center rounded-2xl bg-accent text-lg font-bold text-background shadow-glow"
                  >
                    4
                  </span>
                  <div
                    class="min-w-0"
                  >
                    <h3
                      class="text-base font-semibold tracking-tight"
                    >
                      Settle up when it suits you
                    </h3>
                    <p
                      class="mt-1 text-sm leading-relaxed text-muted"
                    >
                      Net balances tell you exactly what to send (or expect). Mark transfers as paid, both sides confirm, done.
                    </p>
                  </div>
                </li>
              </ol>
            </div>
          </section>
          <section
            class="mb-20 mt-24"
          >
            <div
              class="mx-auto max-w-2xl text-center"
            >
              <h2
                class="text-3xl font-bold tracking-tight sm:text-4xl"
              >
                No more guessing where money goes.
              </h2>
              <p
                class="mt-4 text-base text-muted"
              >
                Free, forever. Sign in once and you're set.
              </p>
              <div
                class="mt-8 flex justify-center"
              >
                <a
                  class="inline-flex items-center justify-center gap-2 whitespace-nowrap rounded-full font-semibold tracking-tight transition-all focus-visible:outline-none focus-visible:ring-2 focus-visible:ring-accent/40 focus-visible:ring-offset-2 focus-visible:ring-offset-background disabled:pointer-events-none disabled:opacity-50 active:scale-[0.98] [&_svg]:pointer-events-none [&_svg]:size-4 [&_svg]:shrink-0 bg-accent text-background shadow-glow hover:shadow-lift h-12 px-6 text-base"
                  href="/login"
                >
                  Get Started
                </a>
              </div>
            </div>
          </section>
        </div>
      </main>
      <footer
        class="relative z-10 mt-auto border-t border-border"
      >
        <div
          class="mx-auto flex w-full max-w-6xl flex-col items-center justify-between gap-3 px-4 py-6 sm:flex-row sm:px-6"
        >
          <a
            class="flex items-center gap-2 font-bold tracking-tight text-sm"
            href="/"
          >
            <img
              alt=""
              aria-hidden="true"
              class="h-7 w-7 shrink-0 select-none"
              draggable="false"
              height="28"
              src="/icon.svg"
              width="28"
            />
            Money
            <span
              class="text-accent"
            >
              App
            </span>
          </a>
          <div
            class="flex items-center gap-6 text-xs text-muted"
          >
            <a
              class="transition hover:text-foreground"
              href="/terms"
            >
              Terms
            </a>
            <a
              class="transition hover:text-foreground"
              href="/privacy"
            >
              Privacy
            </a>
            <span>
              © 
              2026
               Money App
            </span>
          </div>
        </div>
      </footer>
    </div>
  </div>
</div>
`;
